// Jest Snapshot v1, https://goo.gl/fbAQLP

exports[`Button can be rendered 1`] = `
<div>
  <button
    class="Button"
    submit="false"
  >
    Click
  </button>
</div>
`;
